store/slices/projectSlice.ts(7,10): error TS2305: Module '"../../types/stage"' has no exported member 'StageTree'.
store/slices/projectSlice.ts(8,28): error TS2307: Cannot find module '../../types/node' or its corresponding type declarations.
store/slices/uiSlice.ts(6,31): error TS2305: Module '"../types"' has no exported member 'Selection'.
store/slices/uiSlice.ts(6,42): error TS2305: Module '"../types"' has no exported member 'BlackboardViewState'.
store/slices/uiSlice.ts(6,63): error TS2724: '"../types"' has no exported member named 'UIMessage'. Did you mean 'UiMessage'?
store/slices/uiSlice.ts(21,55): error TS2677: A type predicate's type must be assignable to its parameter's type.
  Type 'UiAction' is not assignable to type 'Action'.
    Type '{ type: "SET_PANEL_SIZES"; payload: { leftPanel?: number; rightPanel?: number; }; }' is not assignable to type 'Action'.
      Type '{ type: "SET_PANEL_SIZES"; payload: { leftPanel?: number; rightPanel?: number; }; }' is not assignable to type '{ type: "SET_PANEL_SIZES"; payload: Partial<{ explorerWidth: number; inspectorWidth: number; stagesHeight: number; }>; }'.
        Types of property 'payload' are incompatible.
          Type '{ leftPanel?: number; rightPanel?: number; }' has no properties in common with type 'Partial<{ explorerWidth: number; inspectorWidth: number; stagesHeight: number; }>'.
utils/conditionBuilder.ts(161,3): error TS2322: Type '"CopyFromVar"' is not assignable to type '"Set" | "Add" | "Subtract" | "Multiply" | "Divide" | "Toggle"'.
